// Jest Snapshot v1, https://goo.gl/fbAQLP

exports[`renders cloud item 1`] = `
<div
  className="tag-item-wrapper"
  props={null}
>
  <div />
  <div
    className="tag-item-tooltip"
  >
    HOVERED!
  </div>
</div>
`;
